16:33:07 **** Incremental Build of configuration Debug for project alarm_clock ****
make -j4 all 
arm-none-eabi-size   alarm_clock.elf 
   text	   data	    bss	    dec	    hex	filename
  41568	    120	   2884	  44572	   ae1c	alarm_clock.elf
Finished building: default.size.stdout
 
16:33:35 **** Incremental Build of configuration Debug for project alarm_clock ****
make -j4 all 
arm-none-eabi-size   alarm_clock.elf 
   text	   data	    bss	    dec	    hex	filename
  41568	    120	   2884	  44572	   ae1c	alarm_clock.elf
Finished building: default.size.stdout
 
16:34:50 **** Incremental Build of configuration Debug for project alarm_clock ****
make -j4 all 
arm-none-eabi-size   alarm_clock.elf 
   text	   data	    bss	    dec	    hex	filename
  41568	    120	   2884	  44572	   ae1c	alarm_clock.elf
Finished building: default.size.stdout
 
16:37:35 **** Incremental Build of configuration Debug for project alarm_clock ****
make -j4 all 
arm-none-eabi-size   alarm_clock.elf 
   text	   data	    bss	    dec	    hex	filename
  41568	    120	   2884	  44572	   ae1c	alarm_clock.elf
Finished building: default.size.stdout
 
16:39:16 **** Incremental Build of configuration Debug for project alarm_clock ****
make -j4 all 
arm-none-eabi-size   alarm_clock.elf 
   text	   data	    bss	    dec	    hex	filename
  41568	    120	   2884	  44572	   ae1c	alarm_clock.elf
Finished building: default.size.stdout
 
16:43:05 **** Incremental Build of configuration Debug for project alarm_clock ****
make -j4 all 
arm-none-eabi-size   alarm_clock.elf 
   text	   data	    bss	    dec	    hex	filename
  41568	    120	   2884	  44572	   ae1c	alarm_clock.elf
Finished building: default.size.stdout
 
16:43:38 **** Incremental Build of configuration Debug for project alarm_clock ****
make -j4 all 
arm-none-eabi-size   alarm_clock.elf 
   text	   data	    bss	    dec	    hex	filename
  41568	    120	   2884	  44572	   ae1c	alarm_clock.elf
Finished building: default.size.stdout
 
16:44:16 **** Incremental Build of configuration Debug for project alarm_clock ****
make -j4 all 
arm-none-eabi-size   alarm_clock.elf 
   text	   data	    bss	    dec	    hex	filename
  41568	    120	   2884	  44572	   ae1c	alarm_clock.elf
Finished building: default.size.stdout
 
16:46:07 **** Incremental Build of configuration Debug for project alarm_clock ****
make -j4 all 
arm-none-eabi-gcc "../Core/Src/clock_control.c" -mcpu=cortex-m4 -std=gnu11 -g3 -DDEBUG -DUSE_HAL_DRIVER -DSTM32WB55xx -c -I../Core/Inc -I../Drivers/STM32WBxx_HAL_Driver/Inc -I../Drivers/STM32WBxx_HAL_Driver/Inc/Legacy -I../Drivers/CMSIS/Device/ST/STM32WBxx/Include -I../Drivers/CMSIS/Include -O0 -ffunction-sections -fdata-sections -Wall -fstack-usage -MMD -MP -MF"Core/Src/clock_control.d" -MT"Core/Src/clock_control.o" --specs=nano.specs -mfpu=fpv4-sp-d16 -mfloat-abi=hard -mthumb -o "Core/Src/clock_control.o"
../Core/Src/clock_control.c: In function 'set_time':
../Core/Src/clock_control.c:36:3: warning: implicit declaration of function 'sprintf' [-Wimplicit-function-declaration]
   36 |   sprintf(msg, "%02d:%02d:%02d\r", (current_count), new_time.Minutes, new_time.Seconds);
      |   ^~~~~~~
../Core/Src/clock_control.c:36:3: warning: incompatible implicit declaration of built-in function 'sprintf'
../Core/Src/clock_control.c:14:1: note: include '<stdio.h>' or provide a declaration of 'sprintf'
   13 | #include "project_functions.h"
  +++ |+#include <stdio.h>
   14 | 
../Core/Src/clock_control.c:36:20: warning: format '%d' expects argument of type 'int', but argument 3 has type 'uint32_t' {aka 'long unsigned int'} [-Wformat=]
   36 |   sprintf(msg, "%02d:%02d:%02d\r", (current_count), new_time.Minutes, new_time.Seconds);
      |                 ~~~^               ~~~~~~~~~~~~~~~
      |                    |               |
      |                    int             uint32_t {aka long unsigned int}
      |                 %02ld
../Core/Src/clock_control.c:54:3: warning: incompatible implicit declaration of built-in function 'sprintf'
   54 |   sprintf(msg, "%02d:%02d:%02d\r", new_time.Hours, (current_count>>2), new_time.Seconds);
      |   ^~~~~~~
../Core/Src/clock_control.c:54:3: note: include '<stdio.h>' or provide a declaration of 'sprintf'
../Core/Src/clock_control.c:54:25: warning: format '%d' expects argument of type 'int', but argument 4 has type 'uint32_t' {aka 'long unsigned int'} [-Wformat=]
   54 |   sprintf(msg, "%02d:%02d:%02d\r", new_time.Hours, (current_count>>2), new_time.Seconds);
      |                      ~~~^                          ~~~~~~~~~~~~~~~~~~
      |                         |                                        |
      |                         int                                      uint32_t {aka long unsigned int}
      |                      %02ld
../Core/Src/clock_control.c:72:3: warning: incompatible implicit declaration of built-in function 'sprintf'
   72 |   sprintf(msg, "%02d:%02d:%02d\r", new_time.Hours, new_time.Minutes, (current_count>>2));
      |   ^~~~~~~
../Core/Src/clock_control.c:72:3: note: include '<stdio.h>' or provide a declaration of 'sprintf'
../Core/Src/clock_control.c:72:30: warning: format '%d' expects argument of type 'int', but argument 5 has type 'uint32_t' {aka 'long unsigned int'} [-Wformat=]
   72 |   sprintf(msg, "%02d:%02d:%02d\r", new_time.Hours, new_time.Minutes, (current_count>>2));
      |                           ~~~^                                       ~~~~~~~~~~~~~~~~~~
      |                              |                                                     |
      |                              int                                                   uint32_t {aka long unsigned int}
      |                           %02ld
../Core/Src/clock_control.c: In function 'set_alarm':
../Core/Src/clock_control.c:100:3: warning: incompatible implicit declaration of built-in function 'sprintf'
  100 |   sprintf(msg, "%02d:%02d:%02d\r", (current_count>>2), new_alarm.AlarmTime.Minutes, new_alarm.AlarmTime.Seconds);
      |   ^~~~~~~
../Core/Src/clock_control.c:100:3: note: include '<stdio.h>' or provide a declaration of 'sprintf'
../Core/Src/clock_control.c:100:20: warning: format '%d' expects argument of type 'int', but argument 3 has type 'uint32_t' {aka 'long unsigned int'} [-Wformat=]
  100 |   sprintf(msg, "%02d:%02d:%02d\r", (current_count>>2), new_alarm.AlarmTime.Minutes, new_alarm.AlarmTime.Seconds);
      |                 ~~~^               ~~~~~~~~~~~~~~~~~~
      |                    |                             |
      |                    int                           uint32_t {aka long unsigned int}
      |                 %02ld
../Core/Src/clock_control.c:118:3: warning: incompatible implicit declaration of built-in function 'sprintf'
  118 |   sprintf(msg, "%02d:%02d:%02d\r", new_alarm.AlarmTime.Hours, (current_count>>2), new_alarm.AlarmTime.Seconds);
      |   ^~~~~~~
../Core/Src/clock_control.c:118:3: note: include '<stdio.h>' or provide a declaration of 'sprintf'
../Core/Src/clock_control.c:118:25: warning: format '%d' expects argument of type 'int', but argument 4 has type 'uint32_t' {aka 'long unsigned int'} [-Wformat=]
  118 |   sprintf(msg, "%02d:%02d:%02d\r", new_alarm.AlarmTime.Hours, (current_count>>2), new_alarm.AlarmTime.Seconds);
      |                      ~~~^                                     ~~~~~~~~~~~~~~~~~~
      |                         |                                                   |
      |                         int                                                 uint32_t {aka long unsigned int}
      |                      %02ld
../Core/Src/clock_control.c:136:3: warning: incompatible implicit declaration of built-in function 'sprintf'
  136 |   sprintf(msg, "%02d:%02d:%02d\r", new_alarm.AlarmTime.Hours, new_alarm.AlarmTime.Minutes, (current_count>>2));
      |   ^~~~~~~
../Core/Src/clock_control.c:136:3: note: include '<stdio.h>' or provide a declaration of 'sprintf'
../Core/Src/clock_control.c:136:30: warning: format '%d' expects argument of type 'int', but argument 5 has type 'uint32_t' {aka 'long unsigned int'} [-Wformat=]
  136 |   sprintf(msg, "%02d:%02d:%02d\r", new_alarm.AlarmTime.Hours, new_alarm.AlarmTime.Minutes, (current_count>>2));
      |                           ~~~^                                                             ~~~~~~~~~~~~~~~~~~
      |                              |                                                                           |
      |                              int                                                                         uint32_t {aka long unsigned int}
      |                           %02ld
arm-none-eabi-gcc -o "alarm_clock.elf" @"objects.list"   -mcpu=cortex-m4 -T"C:\Users\goldbh\Documents\GitHub\lab-9-hgoldb16\workspace\alarm_clock\STM32WB55RGVX_FLASH.ld" --specs=nosys.specs -Wl,-Map="alarm_clock.map" -Wl,--gc-sections -static --specs=nano.specs -mfpu=fpv4-sp-d16 -mfloat-abi=hard -mthumb -Wl,--start-group -lc -lm -Wl,--end-group
Finished building target: alarm_clock.elf
 
arm-none-eabi-size   alarm_clock.elf 
arm-none-eabi-objdump -h -S  alarm_clock.elf  > "alarm_clock.list"
arm-none-eabi-objcopy  -O binary  alarm_clock.elf  "alarm_clock.bin"
   text	   data	    bss	    dec	    hex	filename
  41552	    120	   2884	  44556	   ae0c	alarm_clock.elf
Finished building: default.size.stdout
 
Finished building: alarm_clock.bin
 
Finished building: alarm_clock.list
 
16:47:23 **** Incremental Build of configuration Debug for project alarm_clock ****
make -j4 all 
arm-none-eabi-gcc "../Core/Src/clock_control.c" -mcpu=cortex-m4 -std=gnu11 -g3 -DDEBUG -DUSE_HAL_DRIVER -DSTM32WB55xx -c -I../Core/Inc -I../Drivers/STM32WBxx_HAL_Driver/Inc -I../Drivers/STM32WBxx_HAL_Driver/Inc/Legacy -I../Drivers/CMSIS/Device/ST/STM32WBxx/Include -I../Drivers/CMSIS/Include -O0 -ffunction-sections -fdata-sections -Wall -fstack-usage -MMD -MP -MF"Core/Src/clock_control.d" -MT"Core/Src/clock_control.o" --specs=nano.specs -mfpu=fpv4-sp-d16 -mfloat-abi=hard -mthumb -o "Core/Src/clock_control.o"
../Core/Src/clock_control.c: In function 'set_time':
../Core/Src/clock_control.c:36:3: warning: implicit declaration of function 'sprintf' [-Wimplicit-function-declaration]
   36 |   sprintf(msg, "%02d:%02d:%02d\r", (current_count>>2), new_time.Minutes, new_time.Seconds);
      |   ^~~~~~~
../Core/Src/clock_control.c:36:3: warning: incompatible implicit declaration of built-in function 'sprintf'
../Core/Src/clock_control.c:14:1: note: include '<stdio.h>' or provide a declaration of 'sprintf'
   13 | #include "project_functions.h"
  +++ |+#include <stdio.h>
   14 | 
../Core/Src/clock_control.c:36:20: warning: format '%d' expects argument of type 'int', but argument 3 has type 'uint32_t' {aka 'long unsigned int'} [-Wformat=]
   36 |   sprintf(msg, "%02d:%02d:%02d\r", (current_count>>2), new_time.Minutes, new_time.Seconds);
      |                 ~~~^               ~~~~~~~~~~~~~~~~~~
      |                    |                             |
      |                    int                           uint32_t {aka long unsigned int}
      |                 %02ld
../Core/Src/clock_control.c:54:3: warning: incompatible implicit declaration of built-in function 'sprintf'
   54 |   sprintf(msg, "%02d:%02d:%02d\r", new_time.Hours, (current_count>>2), new_time.Seconds);
      |   ^~~~~~~
../Core/Src/clock_control.c:54:3: note: include '<stdio.h>' or provide a declaration of 'sprintf'
../Core/Src/clock_control.c:54:25: warning: format '%d' expects argument of type 'int', but argument 4 has type 'uint32_t' {aka 'long unsigned int'} [-Wformat=]
   54 |   sprintf(msg, "%02d:%02d:%02d\r", new_time.Hours, (current_count>>2), new_time.Seconds);
      |                      ~~~^                          ~~~~~~~~~~~~~~~~~~
      |                         |                                        |
      |                         int                                      uint32_t {aka long unsigned int}
      |                      %02ld
../Core/Src/clock_control.c:72:3: warning: incompatible implicit declaration of built-in function 'sprintf'
   72 |   sprintf(msg, "%02d:%02d:%02d\r", new_time.Hours, new_time.Minutes, (current_count>>2));
      |   ^~~~~~~
../Core/Src/clock_control.c:72:3: note: include '<stdio.h>' or provide a declaration of 'sprintf'
../Core/Src/clock_control.c:72:30: warning: format '%d' expects argument of type 'int', but argument 5 has type 'uint32_t' {aka 'long unsigned int'} [-Wformat=]
   72 |   sprintf(msg, "%02d:%02d:%02d\r", new_time.Hours, new_time.Minutes, (current_count>>2));
      |                           ~~~^                                       ~~~~~~~~~~~~~~~~~~
      |                              |                                                     |
      |                              int                                                   uint32_t {aka long unsigned int}
      |                           %02ld
../Core/Src/clock_control.c: In function 'set_alarm':
../Core/Src/clock_control.c:100:3: warning: incompatible implicit declaration of built-in function 'sprintf'
  100 |   sprintf(msg, "%02d:%02d:%02d\r", (current_count>>2), new_alarm.AlarmTime.Minutes, new_alarm.AlarmTime.Seconds);
      |   ^~~~~~~
../Core/Src/clock_control.c:100:3: note: include '<stdio.h>' or provide a declaration of 'sprintf'
../Core/Src/clock_control.c:100:20: warning: format '%d' expects argument of type 'int', but argument 3 has type 'uint32_t' {aka 'long unsigned int'} [-Wformat=]
  100 |   sprintf(msg, "%02d:%02d:%02d\r", (current_count>>2), new_alarm.AlarmTime.Minutes, new_alarm.AlarmTime.Seconds);
      |                 ~~~^               ~~~~~~~~~~~~~~~~~~
      |                    |                             |
      |                    int                           uint32_t {aka long unsigned int}
      |                 %02ld
../Core/Src/clock_control.c:118:3: warning: incompatible implicit declaration of built-in function 'sprintf'
  118 |   sprintf(msg, "%02d:%02d:%02d\r", new_alarm.AlarmTime.Hours, (current_count>>2), new_alarm.AlarmTime.Seconds);
      |   ^~~~~~~
../Core/Src/clock_control.c:118:3: note: include '<stdio.h>' or provide a declaration of 'sprintf'
../Core/Src/clock_control.c:118:25: warning: format '%d' expects argument of type 'int', but argument 4 has type 'uint32_t' {aka 'long unsigned int'} [-Wformat=]
  118 |   sprintf(msg, "%02d:%02d:%02d\r", new_alarm.AlarmTime.Hours, (current_count>>2), new_alarm.AlarmTime.Seconds);
      |                      ~~~^                                     ~~~~~~~~~~~~~~~~~~
      |                         |                                                   |
      |                         int                                                 uint32_t {aka long unsigned int}
      |                      %02ld
../Core/Src/clock_control.c:136:3: warning: incompatible implicit declaration of built-in function 'sprintf'
  136 |   sprintf(msg, "%02d:%02d:%02d\r", new_alarm.AlarmTime.Hours, new_alarm.AlarmTime.Minutes, (current_count>>2));
      |   ^~~~~~~
../Core/Src/clock_control.c:136:3: note: include '<stdio.h>' or provide a declaration of 'sprintf'
../Core/Src/clock_control.c:136:30: warning: format '%d' expects argument of type 'int', but argument 5 has type 'uint32_t' {aka 'long unsigned int'} [-Wformat=]
  136 |   sprintf(msg, "%02d:%02d:%02d\r", new_alarm.AlarmTime.Hours, new_alarm.AlarmTime.Minutes, (current_count>>2));
      |                           ~~~^                                                             ~~~~~~~~~~~~~~~~~~
      |                              |                                                                           |
      |                              int                                                                         uint32_t {aka long unsigned int}
      |                           %02ld
arm-none-eabi-gcc -o "alarm_clock.elf" @"objects.list"   -mcpu=cortex-m4 -T"C:\Users\goldbh\Documents\GitHub\lab-9-hgoldb16\workspace\alarm_clock\STM32WB55RGVX_FLASH.ld" --specs=nosys.specs -Wl,-Map="alarm_clock.map" -Wl,--gc-sections -static --specs=nano.specs -mfpu=fpv4-sp-d16 -mfloat-abi=hard -mthumb -Wl,--start-group -lc -lm -Wl,--end-group
Finished building target: alarm_clock.elf
 
arm-none-eabi-size   alarm_clock.elf 
arm-none-eabi-objdump -h -S  alarm_clock.elf  > "alarm_clock.list"
arm-none-eabi-objcopy  -O binary  alarm_clock.elf  "alarm_clock.bin"
   text	   data	    bss	    dec	    hex	filename
  41552	    120	   2884	  44556	   ae0c	alarm_clock.elf
Finished building: default.size.stdout
 
Finished building: alarm_clock.bin
 
Finished building: alarm_clock.list
 
16:53:36 **** Incremental Build of configuration Debug for project sound ****
make -j4 all 
arm-none-eabi-size   sound.elf 
   text	   data	    bss	    dec	    hex	filename
  31376	     20	   2720	  34116	   8544	sound.elf
Finished building: default.size.stdout
 
16:54:03 **** Incremental Build of configuration Debug for project alarm_clock ****
make -j4 all 
arm-none-eabi-size   alarm_clock.elf 
   text	   data	    bss	    dec	    hex	filename
  41552	    120	   2884	  44556	   ae0c	alarm_clock.elf
Finished building: default.size.stdout
 
17:13:08 **** Incremental Build of configuration Debug for project alarm_clock ****
make -j4 all 
arm-none-eabi-gcc "../Core/Src/clock_control.c" -mcpu=cortex-m4 -std=gnu11 -g3 -DDEBUG -DUSE_HAL_DRIVER -DSTM32WB55xx -c -I../Core/Inc -I../Drivers/STM32WBxx_HAL_Driver/Inc -I../Drivers/STM32WBxx_HAL_Driver/Inc/Legacy -I../Drivers/CMSIS/Device/ST/STM32WBxx/Include -I../Drivers/CMSIS/Include -O0 -ffunction-sections -fdata-sections -Wall -fstack-usage -MMD -MP -MF"Core/Src/clock_control.d" -MT"Core/Src/clock_control.o" --specs=nano.specs -mfpu=fpv4-sp-d16 -mfloat-abi=hard -mthumb -o "Core/Src/clock_control.o"
arm-none-eabi-gcc "../Core/Src/main.c" -mcpu=cortex-m4 -std=gnu11 -g3 -DDEBUG -DUSE_HAL_DRIVER -DSTM32WB55xx -c -I../Core/Inc -I../Drivers/STM32WBxx_HAL_Driver/Inc -I../Drivers/STM32WBxx_HAL_Driver/Inc/Legacy -I../Drivers/CMSIS/Device/ST/STM32WBxx/Include -I../Drivers/CMSIS/Include -O0 -ffunction-sections -fdata-sections -Wall -fstack-usage -MMD -MP -MF"Core/Src/main.d" -MT"Core/Src/main.o" --specs=nano.specs -mfpu=fpv4-sp-d16 -mfloat-abi=hard -mthumb -o "Core/Src/main.o"
../Core/Src/clock_control.c: In function 'set_time':
../Core/Src/clock_control.c:36:3: warning: implicit declaration of function 'sprintf' [-Wimplicit-function-declaration]
   36 |   sprintf(msg, "%02d:%02d:%02d\r", (current_count>>2), new_time.Minutes, new_time.Seconds);
      |   ^~~~~~~
../Core/Src/clock_control.c:36:3: warning: incompatible implicit declaration of built-in function 'sprintf'
../Core/Src/clock_control.c:14:1: note: include '<stdio.h>' or provide a declaration of 'sprintf'
   13 | #include "project_functions.h"
  +++ |+#include <stdio.h>
   14 | 
../Core/Src/clock_control.c:36:20: warning: format '%d' expects argument of type 'int', but argument 3 has type 'uint32_t' {aka 'long unsigned int'} [-Wformat=]
   36 |   sprintf(msg, "%02d:%02d:%02d\r", (current_count>>2), new_time.Minutes, new_time.Seconds);
      |                 ~~~^               ~~~~~~~~~~~~~~~~~~
      |                    |                             |
      |                    int                           uint32_t {aka long unsigned int}
      |                 %02ld
../Core/Src/clock_control.c:54:3: warning: incompatible implicit declaration of built-in function 'sprintf'
   54 |   sprintf(msg, "%02d:%02d:%02d\r", new_time.Hours, (current_count>>2), new_time.Seconds);
      |   ^~~~~~~
../Core/Src/clock_control.c:54:3: note: include '<stdio.h>' or provide a declaration of 'sprintf'
../Core/Src/clock_control.c:54:25: warning: format '%d' expects argument of type 'int', but argument 4 has type 'uint32_t' {aka 'long unsigned int'} [-Wformat=]
   54 |   sprintf(msg, "%02d:%02d:%02d\r", new_time.Hours, (current_count>>2), new_time.Seconds);
      |                      ~~~^                          ~~~~~~~~~~~~~~~~~~
      |                         |                                        |
      |                         int                                      uint32_t {aka long unsigned int}
      |                      %02ld
../Core/Src/clock_control.c:72:3: warning: incompatible implicit declaration of built-in function 'sprintf'
   72 |   sprintf(msg, "%02d:%02d:%02d\r", new_time.Hours, new_time.Minutes, (current_count>>2));
      |   ^~~~~~~
../Core/Src/clock_control.c:72:3: note: include '<stdio.h>' or provide a declaration of 'sprintf'
../Core/Src/clock_control.c:72:30: warning: format '%d' expects argument of type 'int', but argument 5 has type 'uint32_t' {aka 'long unsigned int'} [-Wformat=]
   72 |   sprintf(msg, "%02d:%02d:%02d\r", new_time.Hours, new_time.Minutes, (current_count>>2));
      |                           ~~~^                                       ~~~~~~~~~~~~~~~~~~
      |                              |                                                     |
      |                              int                                                   uint32_t {aka long unsigned int}
      |                           %02ld
../Core/Src/clock_control.c: In function 'set_alarm':
../Core/Src/clock_control.c:100:3: warning: incompatible implicit declaration of built-in function 'sprintf'
  100 |   sprintf(msg, "%02d:%02d:%02d\r", (current_count>>2), new_alarm.AlarmTime.Minutes, new_alarm.AlarmTime.Seconds);
      |   ^~~~~~~
../Core/Src/clock_control.c:100:3: note: include '<stdio.h>' or provide a declaration of 'sprintf'
../Core/Src/clock_control.c:100:20: warning: format '%d' expects argument of type 'int', but argument 3 has type 'uint32_t' {aka 'long unsigned int'} [-Wformat=]
  100 |   sprintf(msg, "%02d:%02d:%02d\r", (current_count>>2), new_alarm.AlarmTime.Minutes, new_alarm.AlarmTime.Seconds);
      |                 ~~~^               ~~~~~~~~~~~~~~~~~~
      |                    |                             |
      |                    int                           uint32_t {aka long unsigned int}
      |                 %02ld
../Core/Src/clock_control.c:118:3: warning: incompatible implicit declaration of built-in function 'sprintf'
  118 |   sprintf(msg, "%02d:%02d:%02d\r", new_alarm.AlarmTime.Hours, (current_count>>2), new_alarm.AlarmTime.Seconds);
      |   ^~~~~~~
../Core/Src/clock_control.c:118:3: note: include '<stdio.h>' or provide a declaration of 'sprintf'
../Core/Src/clock_control.c:118:25: warning: format '%d' expects argument of type 'int', but argument 4 has type 'uint32_t' {aka 'long unsigned int'} [-Wformat=]
  118 |   sprintf(msg, "%02d:%02d:%02d\r", new_alarm.AlarmTime.Hours, (current_count>>2), new_alarm.AlarmTime.Seconds);
      |                      ~~~^                                     ~~~~~~~~~~~~~~~~~~
      |                         |                                                   |
      |                         int                                                 uint32_t {aka long unsigned int}
      |                      %02ld
../Core/Src/clock_control.c:136:3: warning: incompatible implicit declaration of built-in function 'sprintf'
  136 |   sprintf(msg, "%02d:%02d:%02d\r", new_alarm.AlarmTime.Hours, new_alarm.AlarmTime.Minutes, (current_count>>2));
      |   ^~~~~~~
../Core/Src/clock_control.c:136:3: note: include '<stdio.h>' or provide a declaration of 'sprintf'
../Core/Src/clock_control.c:136:30: warning: format '%d' expects argument of type 'int', but argument 5 has type 'uint32_t' {aka 'long unsigned int'} [-Wformat=]
  136 |   sprintf(msg, "%02d:%02d:%02d\r", new_alarm.AlarmTime.Hours, new_alarm.AlarmTime.Minutes, (current_count>>2));
      |                           ~~~^                                                             ~~~~~~~~~~~~~~~~~~
      |                              |                                                                           |
      |                              int                                                                         uint32_t {aka long unsigned int}
      |                           %02ld
../Core/Src/main.c: In function 'main':
../Core/Src/main.c:103:3: warning: implicit declaration of function 'MX_USB_PCD_Init' [-Wimplicit-function-declaration]
  103 |   MX_USB_PCD_Init();
      |   ^~~~~~~~~~~~~~~
../Core/Src/main.c:127:29: warning: implicit declaration of function 'sin' [-Wimplicit-function-declaration]
  127 |    signal[count] = volume * sin(2.0 * PI * f0 * t); // left
      |                             ^~~
../Core/Src/main.c:127:29: warning: incompatible implicit declaration of built-in function 'sin'
../Core/Src/main.c:31:1: note: include '<math.h>' or provide a declaration of 'sin'
   30 | #include "project_functions.h"
  +++ |+#include <math.h>
   31 | 
../Core/Src/main.c:147:4: warning: implicit declaration of function 'sprintf' [-Wimplicit-function-declaration]
  147 |    sprintf(time_msg, "\033[2K%02d:%02d:%02d\r", Time.Hours, Time.Minutes, Time.Seconds);
      |    ^~~~~~~
../Core/Src/main.c:147:4: warning: incompatible implicit declaration of built-in function 'sprintf'
../Core/Src/main.c:31:1: note: include '<stdio.h>' or provide a declaration of 'sprintf'
   30 | #include "project_functions.h"
  +++ |+#include <stdio.h>
   31 | 
../Core/Src/main.c:161:41: warning: passing argument 2 of 'HAL_SAI_Transmit_DMA' from incompatible pointer type [-Wincompatible-pointer-types]
  161 |     HAL_SAI_Transmit_DMA(&hsai_BlockA1, signal, numberOfSamples);
      |                                         ^~~~~~
      |                                         |
      |                                         int16_t * {aka short int *}
In file included from ../Core/Inc/stm32wbxx_hal_conf.h:296,
                 from ../Drivers/STM32WBxx_HAL_Driver/Inc/stm32wbxx_hal.h:29,
                 from ../Core/Inc/main.h:30,
                 from ../Core/Src/main.c:20:
../Drivers/STM32WBxx_HAL_Driver/Inc/stm32wbxx_hal_sai.h:781:74: note: expected 'uint8_t *' {aka 'unsigned char *'} but argument is of type 'int16_t *' {aka 'short int *'}
  781 | HAL_StatusTypeDef HAL_SAI_Transmit_DMA(SAI_HandleTypeDef *hsai, uint8_t *pData, uint16_t Size);
      |                                                                 ~~~~~~~~~^~~~~
../Core/Src/main.c:112:11: warning: unused variable 'esc_message' [-Wunused-variable]
  112 |   uint8_t esc_message[50] = {'\0'};
      |           ^~~~~~~~~~~
arm-none-eabi-gcc -o "alarm_clock.elf" @"objects.list"   -mcpu=cortex-m4 -T"C:\Users\goldbh\Documents\GitHub\lab-9-hgoldb16\workspace\alarm_clock\STM32WB55RGVX_FLASH.ld" --specs=nosys.specs -Wl,-Map="alarm_clock.map" -Wl,--gc-sections -static --specs=nano.specs -mfpu=fpv4-sp-d16 -mfloat-abi=hard -mthumb -Wl,--start-group -lc -lm -Wl,--end-group
Finished building target: alarm_clock.elf
 
arm-none-eabi-size   alarm_clock.elf 
arm-none-eabi-objdump -h -S  alarm_clock.elf  > "alarm_clock.list"
arm-none-eabi-objcopy  -O binary  alarm_clock.elf  "alarm_clock.bin"
   text	   data	    bss	    dec	    hex	filename
  41464	    120	   2884	  44468	   adb4	alarm_clock.elf
Finished building: default.size.stdout
 
Finished building: alarm_clock.bin
 
Finished building: alarm_clock.list
 
17:13:39 **** Incremental Build of configuration Debug for project alarm_clock ****
make -j4 all 
arm-none-eabi-size   alarm_clock.elf 
   text	   data	    bss	    dec	    hex	filename
  41464	    120	   2884	  44468	   adb4	alarm_clock.elf
Finished building: default.size.stdout
 
