stm32wbxx_it.c:74:6:NMI_Handler	4	static
stm32wbxx_it.c:89:6:HardFault_Handler	4	static
stm32wbxx_it.c:104:6:MemManage_Handler	4	static
stm32wbxx_it.c:119:6:BusFault_Handler	4	static
stm32wbxx_it.c:134:6:UsageFault_Handler	4	static
stm32wbxx_it.c:149:6:SVC_Handler	4	static
stm32wbxx_it.c:162:6:DebugMon_Handler	4	static
stm32wbxx_it.c:175:6:PendSV_Handler	4	static
stm32wbxx_it.c:188:6:SysTick_Handler	8	static
stm32wbxx_it.c:209:6:EXTI0_IRQHandler	8	static
stm32wbxx_it.c:223:6:EXTI1_IRQHandler	8	static
stm32wbxx_it.c:238:6:EXTI2_IRQHandler	8	static
stm32wbxx_it.c:252:6:EXTI4_IRQHandler	8	static
stm32wbxx_it.c:267:6:DMA1_Channel1_IRQHandler	8	static
stm32wbxx_it.c:281:6:RTC_Alarm_IRQHandler	8	static
