stm32wbxx_ll_rcc.h:1666:22:LL_RCC_LSE_SetDriveCapability	16	static
stm32wbxx_ll_bus.h:364:22:LL_AHB1_GRP1_EnableClock	24	static
stm32wbxx_ll_bus.h:539:22:LL_AHB2_GRP1_EnableClock	24	static
main.c:75:5:main	152	dynamic
main.c:156:6:SystemClock_Config	112	static
main.c:216:6:PeriphCommonClock_Config	88	static
main.c:248:13:MX_SAI1_Init	8	static
main.c:285:13:MX_USART1_UART_Init	8	static
main.c:333:13:MX_USB_PCD_Init	8	static
main.c:364:13:MX_DMA_Init	8	static
main.c:383:13:MX_GPIO_Init	32	static
main.c:425:6:Error_Handler	4	static,ignoring_inline_asm
