stm32wbxx_ll_rcc.h:1666:22:LL_RCC_LSE_SetDriveCapability	16	static
stm32wbxx_ll_bus.h:364:22:LL_AHB1_GRP1_EnableClock	24	static
stm32wbxx_ll_bus.h:539:22:LL_AHB2_GRP1_EnableClock	24	static
main.c:75:5:main	160	dynamic
main.c:167:6:SystemClock_Config	112	static
main.c:227:6:PeriphCommonClock_Config	88	static
main.c:259:13:MX_SAI1_Init	8	static
main.c:296:13:MX_USART1_UART_Init	8	static
main.c:344:13:MX_USB_PCD_Init	8	static
main.c:375:13:MX_DMA_Init	8	static
main.c:394:13:MX_GPIO_Init	32	static
main.c:436:6:Error_Handler	4	static,ignoring_inline_asm
